#-----------------------------------------------------------
# Vivado v2022.2 (64-bit)
# SW Build 3671981 on Fri Oct 14 04:59:54 MDT 2022
# IP Build 3669848 on Fri Oct 14 08:30:02 MDT 2022
# Start of session at: Sat May 27 19:38:02 2023
# Process ID: 15186
# Current directory: /home/gralerfics/MyFiles/Workspace/FmcPGA/src
# Command line: vivado
# Log file: /home/gralerfics/MyFiles/Workspace/FmcPGA/src/vivado.log
# Journal file: /home/gralerfics/MyFiles/Workspace/FmcPGA/src/vivado.jou
# Running On: gralerfics-HP-ZHAN-66-Pro-G1-MT, OS: Linux, CPU Frequency: 1000.010 MHz, CPU Physical cores: 6, Host memory: 16585 MB
#-----------------------------------------------------------
start_gui
open_project /home/gralerfics/MyFiles/Workspace/FmcPGA/project/FmcPGA.xpr
update_compile_order -fileset sources_1
update_compile_order -fileset sim_1
export_ip_user_files -of_objects  [get_files /home/gralerfics/MyFiles/Workspace/FmcPGA/src/hdl/peripheral/usb_mouse.v] -no_script -reset -force -quiet
remove_files  /home/gralerfics/MyFiles/Workspace/FmcPGA/src/hdl/peripheral/usb_mouse.v
export_ip_user_files -of_objects  [get_files /home/gralerfics/MyFiles/Workspace/FmcPGA/src/hdl/peripheral/ps2_transmit.v] -no_script -reset -force -quiet
remove_files  /home/gralerfics/MyFiles/Workspace/FmcPGA/src/hdl/peripheral/ps2_transmit.v
synth_design -rtl -rtl_skip_mlo -name rtl_1
